.....sssssssss..........ss.............................................. [ 11%]
...........................sssssss.........................s............ [ 23%]
........................................................................ [ 35%]
.......................................................sssss............ [ 46%]
........................................................................ [ 58%]
....................................s................................... [ 70%]
..................ssss...s.................................s............ [ 81%]
........................................................................ [ 93%]
....................ss..................                                 [100%]
============================== warnings summary ===============================
tests/test_cluster_registry.py::TestMultiClusterQuery::test_gather_all_success
  C:\pf9-mngt\tests\test_cluster_registry.py:285: DeprecationWarning: There is no current event loop
    return asyncio.get_event_loop().run_until_complete(coro)

-- Docs: https://docs.pytest.org/en/stable/how-to/capture-warnings.html
583 passed, 33 skipped, 1 warning in 23.83s
